INFO:LOG:Doing sparse reconstruction task
INFO:LOG:Loading model
INFO:LOG:Model loaded
INFO:LOG:Preparing data
INFO:LOG:Start sampling
Use residual gradient guidance during sampling
>>>>>>>>>>>>>>>>>>>>>>>>>>>>>>>>>>>>>>>>>>>>>>>>>>>>>>>>>>>>>>>>>>>>>>>>>>>>>>>>
<<<<<<<<<<<<<<<<<<<<<<<<<<<<<<<<<<<<<<<<<<<<<<<<<<<<<<<<<<<<<<<<<<<<<<<<<<<<<<<<
Using conditional model
data shape: torch.Size([1272, 3, 256, 256])
INFO:LOG:Batch: 0 / Total batch 64
INFO:LOG:Preparing reference image
INFO:LOG:Dumping visualization...
INFO:LOG:L2 loss init: 1.9673895835876465
/scratch/u6ki/kayaay.u6ki/diffusion_env/lib/python3.11/site-packages/torch/functional.py:505: UserWarning: torch.meshgrid: in an upcoming release, it will be required to pass the indexing argument. (Triggered internally at /pytorch/aten/src/ATen/native/TensorShape.cpp:4381.)
  return _VF.meshgrid(tensors, **kwargs)  # type: ignore[attr-defined]
INFO:LOG:Residual init: 8999.671875
INFO:LOG:Residual reference: 0.2325914204120636
INFO:LOG:Run No.0:
INFO:LOG:L2 loss it0: 1.427412986755371
INFO:LOG:Residual it0: 49.0335807800293
INFO:LOG:Finished batch 0
INFO:LOG:========================================================
INFO:LOG:Batch: 1 / Total batch 64
INFO:LOG:Preparing reference image
INFO:LOG:Dumping visualization...
INFO:LOG:L2 loss init: 2.471971273422241
INFO:LOG:Residual init: 16169.1064453125
INFO:LOG:Residual reference: 1.1843996047973633
INFO:LOG:Run No.0:
INFO:LOG:L2 loss it0: 1.8510323762893677
INFO:LOG:Residual it0: 65.189697265625
INFO:LOG:Finished batch 1
INFO:LOG:========================================================
INFO:LOG:Batch: 2 / Total batch 64
INFO:LOG:Preparing reference image
INFO:LOG:Dumping visualization...
INFO:LOG:L2 loss init: 2.8902246952056885
INFO:LOG:Residual init: 19126.615234375
INFO:LOG:Residual reference: 10.77868938446045
INFO:LOG:Run No.0:
INFO:LOG:L2 loss it0: 2.260267972946167
INFO:LOG:Residual it0: 86.99191284179688
INFO:LOG:Finished batch 2
INFO:LOG:========================================================
INFO:LOG:Batch: 3 / Total batch 64
INFO:LOG:Preparing reference image
INFO:LOG:Dumping visualization...
INFO:LOG:L2 loss init: 3.0648622512817383
INFO:LOG:Residual init: 19332.76953125
INFO:LOG:Residual reference: 38.94977569580078
INFO:LOG:Run No.0:
INFO:LOG:L2 loss it0: 2.4944021701812744
INFO:LOG:Residual it0: 95.49583435058594
INFO:LOG:Finished batch 3
INFO:LOG:========================================================
INFO:LOG:Batch: 4 / Total batch 64
INFO:LOG:Preparing reference image
INFO:LOG:Dumping visualization...
INFO:LOG:L2 loss init: 3.1027965545654297
INFO:LOG:Residual init: 19382.330078125
INFO:LOG:Residual reference: 36.11654281616211
INFO:LOG:Run No.0:
INFO:LOG:L2 loss it0: 2.555689573287964
INFO:LOG:Residual it0: 85.72969055175781
INFO:LOG:Finished batch 4
INFO:LOG:========================================================
INFO:LOG:Batch: 5 / Total batch 64
INFO:LOG:Preparing reference image
INFO:LOG:Dumping visualization...
INFO:LOG:L2 loss init: 2.9071550369262695
INFO:LOG:Residual init: 19144.833984375
INFO:LOG:Residual reference: 26.219879150390625
INFO:LOG:Run No.0:
INFO:LOG:L2 loss it0: 2.3338558673858643
INFO:LOG:Residual it0: 78.45133972167969
INFO:LOG:Finished batch 5
INFO:LOG:========================================================
INFO:LOG:Batch: 6 / Total batch 64
INFO:LOG:Preparing reference image
INFO:LOG:Dumping visualization...
INFO:LOG:L2 loss init: 2.775669574737549
INFO:LOG:Residual init: 15028.7333984375
INFO:LOG:Residual reference: 31.30133056640625
INFO:LOG:Run No.0:
INFO:LOG:L2 loss it0: 2.275292158126831
INFO:LOG:Residual it0: 67.8073501586914
INFO:LOG:Finished batch 6
INFO:LOG:========================================================
INFO:LOG:Batch: 7 / Total batch 64
INFO:LOG:Preparing reference image
INFO:LOG:Dumping visualization...
INFO:LOG:L2 loss init: 2.552703380584717
INFO:LOG:Residual init: 12726.9267578125
INFO:LOG:Residual reference: 18.1815242767334
INFO:LOG:Run No.0:
INFO:LOG:L2 loss it0: 2.087777853012085
INFO:LOG:Residual it0: 54.993141174316406
INFO:LOG:Finished batch 7
INFO:LOG:========================================================
INFO:LOG:Batch: 8 / Total batch 64
INFO:LOG:Preparing reference image
INFO:LOG:Dumping visualization...
INFO:LOG:L2 loss init: 2.2542827129364014
INFO:LOG:Residual init: 11378.55859375
INFO:LOG:Residual reference: 12.405664443969727
INFO:LOG:Run No.0:
INFO:LOG:L2 loss it0: 1.7977664470672607
INFO:LOG:Residual it0: 48.98191452026367
INFO:LOG:Finished batch 8
INFO:LOG:========================================================
INFO:LOG:Batch: 9 / Total batch 64
INFO:LOG:Preparing reference image
INFO:LOG:Dumping visualization...
INFO:LOG:L2 loss init: 2.2205734252929688
INFO:LOG:Residual init: 11292.6552734375
INFO:LOG:Residual reference: 9.762338638305664
INFO:LOG:Run No.0:
INFO:LOG:L2 loss it0: 1.7493343353271484
INFO:LOG:Residual it0: 54.566864013671875
INFO:LOG:Finished batch 9
INFO:LOG:========================================================
INFO:LOG:Batch: 10 / Total batch 64
INFO:LOG:Preparing reference image
INFO:LOG:Dumping visualization...
INFO:LOG:L2 loss init: 2.269026756286621
INFO:LOG:Residual init: 12229.8935546875
INFO:LOG:Residual reference: 14.777048110961914
INFO:LOG:Run No.0:
INFO:LOG:L2 loss it0: 1.8026113510131836
INFO:LOG:Residual it0: 67.4072265625
INFO:LOG:Finished batch 10
INFO:LOG:========================================================
INFO:LOG:Batch: 11 / Total batch 64
INFO:LOG:Preparing reference image
INFO:LOG:Dumping visualization...
INFO:LOG:L2 loss init: 2.358168125152588
INFO:LOG:Residual init: 10395.947265625
INFO:LOG:Residual reference: 23.427417755126953
INFO:LOG:Run No.0:
INFO:LOG:L2 loss it0: 1.9154870510101318
INFO:LOG:Residual it0: 73.03949737548828
INFO:LOG:Finished batch 11
INFO:LOG:========================================================
INFO:LOG:Batch: 12 / Total batch 64
INFO:LOG:Preparing reference image
INFO:LOG:Dumping visualization...
INFO:LOG:L2 loss init: 2.318079948425293
INFO:LOG:Residual init: 9090.6875
INFO:LOG:Residual reference: 24.262832641601562
INFO:LOG:Run No.0:
INFO:LOG:L2 loss it0: 1.8779563903808594
INFO:LOG:Residual it0: 66.8276138305664
INFO:LOG:Finished batch 12
INFO:LOG:========================================================
INFO:LOG:Batch: 13 / Total batch 64
INFO:LOG:Preparing reference image
INFO:LOG:Dumping visualization...
INFO:LOG:L2 loss init: 2.2335824966430664
INFO:LOG:Residual init: 8250.8779296875
INFO:LOG:Residual reference: 13.854331016540527
INFO:LOG:Run No.0:
INFO:LOG:L2 loss it0: 1.8403379917144775
INFO:LOG:Residual it0: 56.55397415161133
INFO:LOG:Finished batch 13
INFO:LOG:========================================================
INFO:LOG:Batch: 14 / Total batch 64
INFO:LOG:Preparing reference image
INFO:LOG:Dumping visualization...
INFO:LOG:L2 loss init: 2.2217535972595215
INFO:LOG:Residual init: 8987.642578125
INFO:LOG:Residual reference: 7.3335723876953125
INFO:LOG:Run No.0:
INFO:LOG:L2 loss it0: 1.8072643280029297
INFO:LOG:Residual it0: 54.577537536621094
INFO:LOG:Finished batch 14
INFO:LOG:========================================================
INFO:LOG:Batch: 15 / Total batch 64
INFO:LOG:Preparing reference image
INFO:LOG:Dumping visualization...
INFO:LOG:L2 loss init: 2.23649263381958
INFO:LOG:Residual init: 9880.626953125
INFO:LOG:Residual reference: 4.920243263244629
INFO:LOG:Run No.0:
INFO:LOG:L2 loss it0: 1.7630863189697266
INFO:LOG:Residual it0: 53.97106170654297
INFO:LOG:Finished batch 15
INFO:LOG:========================================================
INFO:LOG:Batch: 16 / Total batch 64
INFO:LOG:Preparing reference image
INFO:LOG:Dumping visualization...
INFO:LOG:L2 loss init: 2.131826877593994
INFO:LOG:Residual init: 7824.23583984375
INFO:LOG:Residual reference: 0.4530046582221985
INFO:LOG:Run No.0:
INFO:LOG:L2 loss it0: 1.5929641723632812
INFO:LOG:Residual it0: 57.98044967651367
INFO:LOG:Finished batch 16
INFO:LOG:========================================================
INFO:LOG:Batch: 17 / Total batch 64
INFO:LOG:Preparing reference image
INFO:LOG:Dumping visualization...
INFO:LOG:L2 loss init: 2.506688117980957
INFO:LOG:Residual init: 10409.5
INFO:LOG:Residual reference: 2.1408298015594482
INFO:LOG:Run No.0:
INFO:LOG:L2 loss it0: 1.9718207120895386
INFO:LOG:Residual it0: 67.252197265625
INFO:LOG:Finished batch 17
INFO:LOG:========================================================
INFO:LOG:Batch: 18 / Total batch 64
INFO:LOG:Preparing reference image
INFO:LOG:Dumping visualization...
INFO:LOG:L2 loss init: 2.5891215801239014
INFO:LOG:Residual init: 11256.1748046875
INFO:LOG:Residual reference: 11.557971000671387
INFO:LOG:Run No.0:
INFO:LOG:L2 loss it0: 2.0830423831939697
INFO:LOG:Residual it0: 71.63970947265625
INFO:LOG:Finished batch 18
INFO:LOG:========================================================
INFO:LOG:Batch: 19 / Total batch 64
INFO:LOG:Preparing reference image
INFO:LOG:Dumping visualization...
INFO:LOG:L2 loss init: 2.5779969692230225
INFO:LOG:Residual init: 11068.2412109375
INFO:LOG:Residual reference: 14.477574348449707
INFO:LOG:Run No.0:
INFO:LOG:L2 loss it0: 2.095731496810913
INFO:LOG:Residual it0: 61.667999267578125
INFO:LOG:Finished batch 19
INFO:LOG:========================================================
INFO:LOG:Batch: 20 / Total batch 64
INFO:LOG:Preparing reference image
INFO:LOG:Dumping visualization...
INFO:LOG:L2 loss init: 2.455000877380371
INFO:LOG:Residual init: 10577.9482421875
INFO:LOG:Residual reference: 8.642523765563965
INFO:LOG:Run No.0:
INFO:LOG:L2 loss it0: 1.9980047941207886
INFO:LOG:Residual it0: 55.90004348754883
INFO:LOG:Finished batch 20
INFO:LOG:========================================================
INFO:LOG:Batch: 21 / Total batch 64
INFO:LOG:Preparing reference image
INFO:LOG:Dumping visualization...
INFO:LOG:L2 loss init: 2.4399402141571045
INFO:LOG:Residual init: 10270.9755859375
INFO:LOG:Residual reference: 17.337251663208008
INFO:LOG:Run No.0:
INFO:LOG:L2 loss it0: 2.004944324493408
INFO:LOG:Residual it0: 52.74205780029297
INFO:LOG:Finished batch 21
INFO:LOG:========================================================
INFO:LOG:Batch: 22 / Total batch 64
INFO:LOG:Preparing reference image
INFO:LOG:Dumping visualization...
INFO:LOG:L2 loss init: 2.2977895736694336
INFO:LOG:Residual init: 8573.3486328125
INFO:LOG:Residual reference: 10.907928466796875
INFO:LOG:Run No.0:
INFO:LOG:L2 loss it0: 1.904996633529663
INFO:LOG:Residual it0: 57.249237060546875
INFO:LOG:Finished batch 22
INFO:LOG:========================================================
INFO:LOG:Batch: 23 / Total batch 64
INFO:LOG:Preparing reference image
INFO:LOG:Dumping visualization...
INFO:LOG:L2 loss init: 2.2409276962280273
INFO:LOG:Residual init: 7294.5517578125
INFO:LOG:Residual reference: 6.297004699707031
INFO:LOG:Run No.0:
INFO:LOG:L2 loss it0: 1.8440195322036743
INFO:LOG:Residual it0: 52.32471466064453
INFO:LOG:Finished batch 23
INFO:LOG:========================================================
INFO:LOG:Batch: 24 / Total batch 64
INFO:LOG:Preparing reference image
INFO:LOG:Dumping visualization...
INFO:LOG:L2 loss init: 2.1884419918060303
INFO:LOG:Residual init: 6907.49365234375
INFO:LOG:Residual reference: 7.96990966796875
INFO:LOG:Run No.0:
INFO:LOG:L2 loss it0: 1.7790454626083374
INFO:LOG:Residual it0: 51.06195068359375
INFO:LOG:Finished batch 24
INFO:LOG:========================================================
INFO:LOG:Batch: 25 / Total batch 64
INFO:LOG:Preparing reference image
INFO:LOG:Dumping visualization...
INFO:LOG:L2 loss init: 2.0916786193847656
INFO:LOG:Residual init: 7874.78076171875
INFO:LOG:Residual reference: 9.730875015258789
INFO:LOG:Run No.0:
INFO:LOG:L2 loss it0: 1.6642210483551025
INFO:LOG:Residual it0: 51.212554931640625
INFO:LOG:Finished batch 25
INFO:LOG:========================================================
INFO:LOG:Batch: 26 / Total batch 64
INFO:LOG:Preparing reference image
INFO:LOG:Dumping visualization...
INFO:LOG:L2 loss init: 2.236253499984741
INFO:LOG:Residual init: 9046.0244140625
INFO:LOG:Residual reference: 5.89499044418335
INFO:LOG:Run No.0:
INFO:LOG:L2 loss it0: 1.7833963632583618
INFO:LOG:Residual it0: 56.259925842285156
INFO:LOG:Finished batch 26
INFO:LOG:========================================================
INFO:LOG:Batch: 27 / Total batch 64
INFO:LOG:Preparing reference image
INFO:LOG:Dumping visualization...
INFO:LOG:L2 loss init: 2.325181245803833
INFO:LOG:Residual init: 10048.9189453125
INFO:LOG:Residual reference: 9.004637718200684
INFO:LOG:Run No.0:
INFO:LOG:L2 loss it0: 1.8574692010879517
INFO:LOG:Residual it0: 53.22405242919922
INFO:LOG:Finished batch 27
INFO:LOG:========================================================
INFO:LOG:Batch: 28 / Total batch 64
INFO:LOG:Preparing reference image
INFO:LOG:Dumping visualization...
INFO:LOG:L2 loss init: 2.502277135848999
INFO:LOG:Residual init: 11880.9599609375
INFO:LOG:Residual reference: 9.752290725708008
INFO:LOG:Run No.0:
INFO:LOG:L2 loss it0: 2.058016061782837
INFO:LOG:Residual it0: 53.60456085205078
INFO:LOG:Finished batch 28
INFO:LOG:========================================================
INFO:LOG:Batch: 29 / Total batch 64
INFO:LOG:Preparing reference image
INFO:LOG:Dumping visualization...
INFO:LOG:L2 loss init: 2.6053237915039062
INFO:LOG:Residual init: 16093.5546875
INFO:LOG:Residual reference: 10.89304256439209
INFO:LOG:Run No.0:
INFO:LOG:L2 loss it0: 2.1272871494293213
INFO:LOG:Residual it0: 65.3518295288086
INFO:LOG:Finished batch 29
INFO:LOG:========================================================
INFO:LOG:Batch: 30 / Total batch 64
INFO:LOG:Preparing reference image
INFO:LOG:Dumping visualization...
INFO:LOG:L2 loss init: 2.6890311241149902
INFO:LOG:Residual init: 15246.0595703125
INFO:LOG:Residual reference: 21.821125030517578
INFO:LOG:Run No.0:
INFO:LOG:L2 loss it0: 2.1850922107696533
INFO:LOG:Residual it0: 76.45185089111328
INFO:LOG:Finished batch 30
INFO:LOG:========================================================
INFO:LOG:Batch: 31 / Total batch 64
INFO:LOG:Preparing reference image
INFO:LOG:Dumping visualization...
INFO:LOG:L2 loss init: 2.5012784004211426
INFO:LOG:Residual init: 12867.6865234375
INFO:LOG:Residual reference: 18.880874633789062
INFO:LOG:Run No.0:
INFO:LOG:L2 loss it0: 2.0151405334472656
INFO:LOG:Residual it0: 65.43891906738281
INFO:LOG:Finished batch 31
INFO:LOG:========================================================
INFO:LOG:Batch: 32 / Total batch 64
INFO:LOG:Preparing reference image
INFO:LOG:Dumping visualization...
INFO:LOG:L2 loss init: 1.9301425218582153
INFO:LOG:Residual init: 7432.04248046875
INFO:LOG:Residual reference: 0.33292698860168457
INFO:LOG:Run No.0:
INFO:LOG:L2 loss it0: 1.4244632720947266
INFO:LOG:Residual it0: 49.743736267089844
INFO:LOG:Finished batch 32
INFO:LOG:========================================================
INFO:LOG:Batch: 33 / Total batch 64
INFO:LOG:Preparing reference image
INFO:LOG:Dumping visualization...
INFO:LOG:L2 loss init: 2.3707985877990723
INFO:LOG:Residual init: 10952.4921875
INFO:LOG:Residual reference: 2.2062270641326904
INFO:LOG:Run No.0:
INFO:LOG:L2 loss it0: 1.799683928489685
INFO:LOG:Residual it0: 71.27025604248047
INFO:LOG:Finished batch 33
INFO:LOG:========================================================
INFO:LOG:Batch: 34 / Total batch 64
INFO:LOG:Preparing reference image
INFO:LOG:Dumping visualization...
INFO:LOG:L2 loss init: 2.6586477756500244
INFO:LOG:Residual init: 12754.244140625
INFO:LOG:Residual reference: 7.665576457977295
INFO:LOG:Run No.0:
INFO:LOG:L2 loss it0: 2.0976390838623047
INFO:LOG:Residual it0: 82.193115234375
INFO:LOG:Finished batch 34
INFO:LOG:========================================================
INFO:LOG:Batch: 35 / Total batch 64
INFO:LOG:Preparing reference image
INFO:LOG:Dumping visualization...
INFO:LOG:L2 loss init: 2.724421501159668
INFO:LOG:Residual init: 11207.337890625
INFO:LOG:Residual reference: 18.167978286743164
INFO:LOG:Run No.0:
INFO:LOG:L2 loss it0: 2.224538803100586
INFO:LOG:Residual it0: 75.08543395996094
INFO:LOG:Finished batch 35
INFO:LOG:========================================================
INFO:LOG:Batch: 36 / Total batch 64
INFO:LOG:Preparing reference image
INFO:LOG:Dumping visualization...
INFO:LOG:L2 loss init: 2.5683529376983643
INFO:LOG:Residual init: 9970.103515625
INFO:LOG:Residual reference: 25.210546493530273
INFO:LOG:Run No.0:
INFO:LOG:L2 loss it0: 2.1287362575531006
INFO:LOG:Residual it0: 64.70991516113281
INFO:LOG:Finished batch 36
INFO:LOG:========================================================
INFO:LOG:Batch: 37 / Total batch 64
INFO:LOG:Preparing reference image
INFO:LOG:Dumping visualization...
INFO:LOG:L2 loss init: 2.2999680042266846
INFO:LOG:Residual init: 9781.3271484375
INFO:LOG:Residual reference: 17.16460418701172
INFO:LOG:Run No.0:
INFO:LOG:L2 loss it0: 1.8327698707580566
INFO:LOG:Residual it0: 55.62102508544922
INFO:LOG:Finished batch 37
INFO:LOG:========================================================
INFO:LOG:Batch: 38 / Total batch 64
INFO:LOG:Preparing reference image
INFO:LOG:Dumping visualization...
INFO:LOG:L2 loss init: 2.2169699668884277
INFO:LOG:Residual init: 8785.6513671875
INFO:LOG:Residual reference: 6.1300272941589355
INFO:LOG:Run No.0:
INFO:LOG:L2 loss it0: 1.7572102546691895
INFO:LOG:Residual it0: 53.18840789794922
INFO:LOG:Finished batch 38
INFO:LOG:========================================================
INFO:LOG:Batch: 39 / Total batch 64
INFO:LOG:Preparing reference image
INFO:LOG:Dumping visualization...
INFO:LOG:L2 loss init: 2.130150556564331
INFO:LOG:Residual init: 9104.5615234375
INFO:LOG:Residual reference: 4.941177845001221
INFO:LOG:Run No.0:
INFO:LOG:L2 loss it0: 1.692214012145996
INFO:LOG:Residual it0: 43.70677947998047
INFO:LOG:Finished batch 39
INFO:LOG:========================================================
INFO:LOG:Batch: 40 / Total batch 64
INFO:LOG:Preparing reference image
INFO:LOG:Dumping visualization...
INFO:LOG:L2 loss init: 2.2264785766601562
INFO:LOG:Residual init: 10035.845703125
INFO:LOG:Residual reference: 6.80880880355835
INFO:LOG:Run No.0:
INFO:LOG:L2 loss it0: 1.7693825960159302
INFO:LOG:Residual it0: 58.39423751831055
INFO:LOG:Finished batch 40
INFO:LOG:========================================================
INFO:LOG:Batch: 41 / Total batch 64
INFO:LOG:Preparing reference image
INFO:LOG:Dumping visualization...
INFO:LOG:L2 loss init: 2.434323787689209
INFO:LOG:Residual init: 12005.3251953125
INFO:LOG:Residual reference: 12.230463981628418
INFO:LOG:Run No.0:
INFO:LOG:L2 loss it0: 1.9302679300308228
INFO:LOG:Residual it0: 73.15214538574219
INFO:LOG:Finished batch 41
INFO:LOG:========================================================
INFO:LOG:Batch: 42 / Total batch 64
INFO:LOG:Preparing reference image
INFO:LOG:Dumping visualization...
INFO:LOG:L2 loss init: 2.4527506828308105
INFO:LOG:Residual init: 14565.8642578125
INFO:LOG:Residual reference: 48.10746383666992
INFO:LOG:Run No.0:
INFO:LOG:L2 loss it0: 1.9241478443145752
INFO:LOG:Residual it0: 71.71763610839844
INFO:LOG:Finished batch 42
INFO:LOG:========================================================
INFO:LOG:Batch: 43 / Total batch 64
INFO:LOG:Preparing reference image
INFO:LOG:Dumping visualization...
INFO:LOG:L2 loss init: 2.46327805519104
INFO:LOG:Residual init: 14596.900390625
INFO:LOG:Residual reference: 30.381805419921875
INFO:LOG:Run No.0:
INFO:LOG:L2 loss it0: 1.945149302482605
INFO:LOG:Residual it0: 71.89543151855469
INFO:LOG:Finished batch 43
INFO:LOG:========================================================
INFO:LOG:Batch: 44 / Total batch 64
INFO:LOG:Preparing reference image
INFO:LOG:Dumping visualization...
INFO:LOG:L2 loss init: 2.524503707885742
INFO:LOG:Residual init: 14481.8349609375
INFO:LOG:Residual reference: 27.47104263305664
INFO:LOG:Run No.0:
INFO:LOG:L2 loss it0: 2.0152153968811035
INFO:LOG:Residual it0: 70.68440246582031
INFO:LOG:Finished batch 44
INFO:LOG:========================================================
INFO:LOG:Batch: 45 / Total batch 64
INFO:LOG:Preparing reference image
INFO:LOG:Dumping visualization...
INFO:LOG:L2 loss init: 2.5373737812042236
INFO:LOG:Residual init: 14767.2529296875
INFO:LOG:Residual reference: 24.951963424682617
INFO:LOG:Run No.0:
INFO:LOG:L2 loss it0: 2.0298995971679688
INFO:LOG:Residual it0: 68.64068603515625
INFO:LOG:Finished batch 45
INFO:LOG:========================================================
INFO:LOG:Batch: 46 / Total batch 64
INFO:LOG:Preparing reference image
INFO:LOG:Dumping visualization...
INFO:LOG:L2 loss init: 2.4782798290252686
INFO:LOG:Residual init: 13746.994140625
INFO:LOG:Residual reference: 19.61075782775879
INFO:LOG:Run No.0:
INFO:LOG:L2 loss it0: 2.0164875984191895
INFO:LOG:Residual it0: 57.39470291137695
INFO:LOG:Finished batch 46
INFO:LOG:========================================================
INFO:LOG:Batch: 47 / Total batch 64
INFO:LOG:Preparing reference image
INFO:LOG:Dumping visualization...
INFO:LOG:L2 loss init: 2.240605592727661
INFO:LOG:Residual init: 11113.0146484375
INFO:LOG:Residual reference: 12.178547859191895
INFO:LOG:Run No.0:
INFO:LOG:L2 loss it0: 1.7582587003707886
INFO:LOG:Residual it0: 59.5655403137207
INFO:LOG:Finished batch 47
INFO:LOG:========================================================
INFO:LOG:Batch: 48 / Total batch 64
INFO:LOG:Preparing reference image
INFO:LOG:Dumping visualization...
INFO:LOG:L2 loss init: 2.114382743835449
INFO:LOG:Residual init: 8748.8955078125
INFO:LOG:Residual reference: 0.6329018473625183
INFO:LOG:Run No.0:
INFO:LOG:L2 loss it0: 1.5681736469268799
INFO:LOG:Residual it0: 57.14533233642578
INFO:LOG:Finished batch 48
INFO:LOG:========================================================
INFO:LOG:Batch: 49 / Total batch 64
INFO:LOG:Preparing reference image
INFO:LOG:Dumping visualization...
INFO:LOG:L2 loss init: 2.54883074760437
INFO:LOG:Residual init: 11288.70703125
INFO:LOG:Residual reference: 2.5307483673095703
INFO:LOG:Run No.0:
INFO:LOG:L2 loss it0: 1.99592125415802
INFO:LOG:Residual it0: 72.67823791503906
INFO:LOG:Finished batch 49
INFO:LOG:========================================================
INFO:LOG:Batch: 50 / Total batch 64
INFO:LOG:Preparing reference image
INFO:LOG:Dumping visualization...
INFO:LOG:L2 loss init: 2.6680426597595215
INFO:LOG:Residual init: 10834.7490234375
INFO:LOG:Residual reference: 9.084022521972656
INFO:LOG:Run No.0:
INFO:LOG:L2 loss it0: 2.1111793518066406
INFO:LOG:Residual it0: 80.43551635742188
INFO:LOG:Finished batch 50
INFO:LOG:========================================================
INFO:LOG:Batch: 51 / Total batch 64
INFO:LOG:Preparing reference image
INFO:LOG:Dumping visualization...
INFO:LOG:L2 loss init: 2.435088872909546
INFO:LOG:Residual init: 8423.1201171875
INFO:LOG:Residual reference: 10.788734436035156
INFO:LOG:Run No.0:
INFO:LOG:L2 loss it0: 1.9507633447647095
INFO:LOG:Residual it0: 78.92460632324219
INFO:LOG:Finished batch 51
INFO:LOG:========================================================
INFO:LOG:Batch: 52 / Total batch 64
INFO:LOG:Preparing reference image
INFO:LOG:Dumping visualization...
INFO:LOG:L2 loss init: 2.293536901473999
INFO:LOG:Residual init: 6814.50634765625
INFO:LOG:Residual reference: 13.7975492477417
INFO:LOG:Run No.0:
INFO:LOG:L2 loss it0: 1.8556270599365234
INFO:LOG:Residual it0: 66.85128784179688
INFO:LOG:Finished batch 52
INFO:LOG:========================================================
INFO:LOG:Batch: 53 / Total batch 64
INFO:LOG:Preparing reference image
INFO:LOG:Dumping visualization...
INFO:LOG:L2 loss init: 2.2288339138031006
INFO:LOG:Residual init: 6192.24560546875
INFO:LOG:Residual reference: 14.184832572937012
INFO:LOG:Run No.0:
INFO:LOG:L2 loss it0: 1.7764254808425903
INFO:LOG:Residual it0: 63.0224723815918
INFO:LOG:Finished batch 53
INFO:LOG:========================================================
INFO:LOG:Batch: 54 / Total batch 64
INFO:LOG:Preparing reference image
INFO:LOG:Dumping visualization...
INFO:LOG:L2 loss init: 2.0811877250671387
INFO:LOG:Residual init: 5345.08154296875
INFO:LOG:Residual reference: 7.087840557098389
INFO:LOG:Run No.0:
INFO:LOG:L2 loss it0: 1.6884154081344604
INFO:LOG:Residual it0: 56.40653610229492
INFO:LOG:Finished batch 54
INFO:LOG:========================================================
INFO:LOG:Batch: 55 / Total batch 64
INFO:LOG:Preparing reference image
INFO:LOG:Dumping visualization...
INFO:LOG:L2 loss init: 2.067589521408081
INFO:LOG:Residual init: 6283.31396484375
INFO:LOG:Residual reference: 6.100526809692383
INFO:LOG:Run No.0:
INFO:LOG:L2 loss it0: 1.6130303144454956
INFO:LOG:Residual it0: 61.892066955566406
INFO:LOG:Finished batch 55
INFO:LOG:========================================================
INFO:LOG:Batch: 56 / Total batch 64
INFO:LOG:Preparing reference image
INFO:LOG:Dumping visualization...
INFO:LOG:L2 loss init: 2.0428049564361572
INFO:LOG:Residual init: 7121.828125
INFO:LOG:Residual reference: 4.251646518707275
INFO:LOG:Run No.0:
INFO:LOG:L2 loss it0: 1.6016920804977417
INFO:LOG:Residual it0: 60.98911666870117
INFO:LOG:Finished batch 56
INFO:LOG:========================================================
INFO:LOG:Batch: 57 / Total batch 64
INFO:LOG:Preparing reference image
INFO:LOG:Dumping visualization...
INFO:LOG:L2 loss init: 2.058016061782837
INFO:LOG:Residual init: 6292.92333984375
INFO:LOG:Residual reference: 3.8696815967559814
INFO:LOG:Run No.0:
INFO:LOG:L2 loss it0: 1.5947827100753784
INFO:LOG:Residual it0: 71.9623794555664
INFO:LOG:Finished batch 57
INFO:LOG:========================================================
INFO:LOG:Batch: 58 / Total batch 64
INFO:LOG:Preparing reference image
INFO:LOG:Dumping visualization...
INFO:LOG:L2 loss init: 2.183102607727051
INFO:LOG:Residual init: 6544.11865234375
INFO:LOG:Residual reference: 5.081969738006592
INFO:LOG:Run No.0:
INFO:LOG:L2 loss it0: 1.7267329692840576
INFO:LOG:Residual it0: 67.1619644165039
INFO:LOG:Finished batch 58
INFO:LOG:========================================================
INFO:LOG:Batch: 59 / Total batch 64
INFO:LOG:Preparing reference image
INFO:LOG:Dumping visualization...
INFO:LOG:L2 loss init: 2.087273359298706
INFO:LOG:Residual init: 7177.0673828125
INFO:LOG:Residual reference: 5.744744777679443
INFO:LOG:Run No.0:
INFO:LOG:L2 loss it0: 1.6203227043151855
INFO:LOG:Residual it0: 70.82990264892578
INFO:LOG:Finished batch 59
INFO:LOG:========================================================
INFO:LOG:Batch: 60 / Total batch 64
INFO:LOG:Preparing reference image
INFO:LOG:Dumping visualization...
INFO:LOG:L2 loss init: 2.0964505672454834
INFO:LOG:Residual init: 5933.30859375
INFO:LOG:Residual reference: 5.954959392547607
INFO:LOG:Run No.0:
INFO:LOG:L2 loss it0: 1.7046923637390137
INFO:LOG:Residual it0: 48.44851303100586
INFO:LOG:Finished batch 60
INFO:LOG:========================================================
INFO:LOG:Batch: 61 / Total batch 64
INFO:LOG:Preparing reference image
INFO:LOG:Dumping visualization...
INFO:LOG:L2 loss init: 2.0566964149475098
INFO:LOG:Residual init: 6198.01904296875
INFO:LOG:Residual reference: 3.7218551635742188
INFO:LOG:Run No.0:
INFO:LOG:L2 loss it0: 1.6664355993270874
INFO:LOG:Residual it0: 50.21947479248047
INFO:LOG:Finished batch 61
INFO:LOG:========================================================
INFO:LOG:Batch: 62 / Total batch 64
INFO:LOG:Preparing reference image
INFO:LOG:Dumping visualization...
INFO:LOG:L2 loss init: 2.0165047645568848
INFO:LOG:Residual init: 7745.4033203125
INFO:LOG:Residual reference: 1.453823208808899
INFO:LOG:Run No.0:
INFO:LOG:L2 loss it0: 1.5804641246795654
INFO:LOG:Residual it0: 51.734901428222656
INFO:LOG:Finished batch 62
INFO:LOG:========================================================
INFO:LOG:Batch: 63 / Total batch 64
INFO:LOG:Preparing reference image
INFO:LOG:Dumping visualization...
INFO:LOG:L2 loss init: 2.1664364337921143
INFO:LOG:Residual init: 9460.49609375
INFO:LOG:Residual reference: 2.726055145263672
INFO:LOG:Run No.0:
INFO:LOG:L2 loss it0: 1.7670035362243652
INFO:LOG:Residual it0: 27.19183349609375
INFO:LOG:Finished batch 63
INFO:LOG:========================================================
INFO:LOG:Finished sampling
INFO:LOG:mean l2 loss: 1.8741549395915098
INFO:LOG:std l2 loss: 0.0
INFO:LOG:mean residual loss: 62.55599970787576
INFO:LOG:std residual loss: 0.0
/var/spool/slurmd/job5640012/slurm_script: line 49: --run_dps: command not found
