Traceback (most recent call last):
  File "/lus/lfs1aip2/scratch/u6ki/kayaay.u6ki/MSc-Project-Diffusion-Model/main.py", line 10, in <module>
    import torch.utils.tensorboard as tb
  File "/scratch/u6ki/kayaay.u6ki/diffusion_env/lib/python3.11/site-packages/torch/utils/tensorboard/__init__.py", line 12, in <module>
    from .writer import FileWriter, SummaryWriter
  File "/scratch/u6ki/kayaay.u6ki/diffusion_env/lib/python3.11/site-packages/torch/utils/tensorboard/writer.py", line 16, in <module>
    from tensorboard.summary.writer.event_file_writer import EventFileWriter
  File "/scratch/u6ki/kayaay.u6ki/diffusion_env/lib/python3.11/site-packages/tensorboard/summary/__init__.py", line 22, in <module>
    from tensorboard.summary import v1  # noqa: F401
    ^^^^^^^^^^^^^^^^^^^^^^^^^^^^^^^^^^
  File "/scratch/u6ki/kayaay.u6ki/diffusion_env/lib/python3.11/site-packages/tensorboard/summary/v1.py", line 23, in <module>
    from tensorboard.plugins.histogram import summary as _histogram_summary
  File "/scratch/u6ki/kayaay.u6ki/diffusion_env/lib/python3.11/site-packages/tensorboard/plugins/histogram/summary.py", line 35, in <module>
    from tensorboard.plugins.histogram import summary_v2
  File "/scratch/u6ki/kayaay.u6ki/diffusion_env/lib/python3.11/site-packages/tensorboard/plugins/histogram/summary_v2.py", line 35, in <module>
    from tensorboard.util import tensor_util
  File "/scratch/u6ki/kayaay.u6ki/diffusion_env/lib/python3.11/site-packages/tensorboard/util/tensor_util.py", line 20, in <module>
    from tensorboard.compat.tensorflow_stub import dtypes, compat, tensor_shape
  File "/scratch/u6ki/kayaay.u6ki/diffusion_env/lib/python3.11/site-packages/tensorboard/compat/tensorflow_stub/__init__.py", line 22, in <module>
    from .dtypes import as_dtype  # noqa
    ^^^^^^^^^^^^^^^^^^^^^^^^^^^^
  File "/scratch/u6ki/kayaay.u6ki/diffusion_env/lib/python3.11/site-packages/tensorboard/compat/tensorflow_stub/dtypes.py", line 326, in <module>
    np.bool8: (False, True),
    ^^^^^^^^
  File "/scratch/u6ki/kayaay.u6ki/diffusion_env/lib/python3.11/site-packages/numpy/__init__.py", line 792, in __getattr__
    raise AttributeError(f"module {__name__!r} has no attribute {attr!r}")
AttributeError: module 'numpy' has no attribute 'bool8'. Did you mean: 'bool'?
