
A module that was compiled using NumPy 1.x cannot be run in
NumPy 2.4.4 as it may crash. To support both 1.x and 2.x
versions of NumPy, modules must be compiled with NumPy 2.0.
Some module may need to rebuild instead e.g. with 'pybind11>=2.12'.

If you are a user of the module, the easiest solution will be to
downgrade to 'numpy<2' or try to upgrade the affected module.
We expect that some modules will need time to support NumPy 2.

Traceback (most recent call last):  File "/lus/lfs1aip2/scratch/u6ki/kayaay.u6ki/MSc-Project-Diffusion-Model/main.py", line 13, in <module>
    from runners.rs256_guided_diffusion import Diffusion
  File "/lus/lfs1aip2/scratch/u6ki/kayaay.u6ki/MSc-Project-Diffusion-Model/runners/rs256_guided_diffusion.py", line 12, in <module>
    from functions.process_data import *
  File "/lus/lfs1aip2/scratch/u6ki/kayaay.u6ki/MSc-Project-Diffusion-Model/functions/process_data.py", line 6, in <module>
    import matplotlib.pyplot as plt
  File "/scratch/u6ki/kayaay.u6ki/diffusion_env/lib/python3.11/site-packages/matplotlib/__init__.py", line 113, in <module>
    from . import _api, _version, cbook, _docstring, rcsetup
  File "/scratch/u6ki/kayaay.u6ki/diffusion_env/lib/python3.11/site-packages/matplotlib/rcsetup.py", line 27, in <module>
    from matplotlib.colors import Colormap, is_color_like
  File "/scratch/u6ki/kayaay.u6ki/diffusion_env/lib/python3.11/site-packages/matplotlib/colors.py", line 56, in <module>
    from matplotlib import _api, _cm, cbook, scale
  File "/scratch/u6ki/kayaay.u6ki/diffusion_env/lib/python3.11/site-packages/matplotlib/scale.py", line 22, in <module>
    from matplotlib.ticker import (
  File "/scratch/u6ki/kayaay.u6ki/diffusion_env/lib/python3.11/site-packages/matplotlib/ticker.py", line 138, in <module>
    from matplotlib import transforms as mtransforms
  File "/scratch/u6ki/kayaay.u6ki/diffusion_env/lib/python3.11/site-packages/matplotlib/transforms.py", line 49, in <module>
    from matplotlib._path import (
AttributeError: _ARRAY_API not found
Traceback (most recent call last):
  File "/lus/lfs1aip2/scratch/u6ki/kayaay.u6ki/MSc-Project-Diffusion-Model/main.py", line 13, in <module>
    from runners.rs256_guided_diffusion import Diffusion
  File "/lus/lfs1aip2/scratch/u6ki/kayaay.u6ki/MSc-Project-Diffusion-Model/runners/rs256_guided_diffusion.py", line 12, in <module>
    from functions.process_data import *
  File "/lus/lfs1aip2/scratch/u6ki/kayaay.u6ki/MSc-Project-Diffusion-Model/functions/process_data.py", line 6, in <module>
    import matplotlib.pyplot as plt
  File "/scratch/u6ki/kayaay.u6ki/diffusion_env/lib/python3.11/site-packages/matplotlib/__init__.py", line 113, in <module>
    from . import _api, _version, cbook, _docstring, rcsetup
  File "/scratch/u6ki/kayaay.u6ki/diffusion_env/lib/python3.11/site-packages/matplotlib/rcsetup.py", line 27, in <module>
    from matplotlib.colors import Colormap, is_color_like
  File "/scratch/u6ki/kayaay.u6ki/diffusion_env/lib/python3.11/site-packages/matplotlib/colors.py", line 56, in <module>
    from matplotlib import _api, _cm, cbook, scale
  File "/scratch/u6ki/kayaay.u6ki/diffusion_env/lib/python3.11/site-packages/matplotlib/scale.py", line 22, in <module>
    from matplotlib.ticker import (
  File "/scratch/u6ki/kayaay.u6ki/diffusion_env/lib/python3.11/site-packages/matplotlib/ticker.py", line 138, in <module>
    from matplotlib import transforms as mtransforms
  File "/scratch/u6ki/kayaay.u6ki/diffusion_env/lib/python3.11/site-packages/matplotlib/transforms.py", line 49, in <module>
    from matplotlib._path import (
ImportError: numpy.core.multiarray failed to import
