INFO:LOG:Doing sparse reconstruction task
INFO:LOG:Loading model
INFO:LOG:Model loaded
INFO:LOG:Preparing data
INFO:LOG:Start sampling
Use residual gradient guidance during sampling
>>>>>>>>>>>>>>>>>>>>>>>>>>>>>>>>>>>>>>>>>>>>>>>>>>>>>>>>>>>>>>>>>>>>>>>>>>>>>>>>
<<<<<<<<<<<<<<<<<<<<<<<<<<<<<<<<<<<<<<<<<<<<<<<<<<<<<<<<<<<<<<<<<<<<<<<<<<<<<<<<
Using conditional model
data shape: torch.Size([1272, 3, 256, 256])
INFO:LOG:Batch: 0 / Total batch 64
INFO:LOG:Preparing reference image
INFO:LOG:Dumping visualization...
INFO:LOG:L2 loss init: 1.3325399160385132
/scratch/u6ki/kayaay.u6ki/diffusion_env/lib/python3.11/site-packages/torch/functional.py:504: UserWarning: torch.meshgrid: in an upcoming release, it will be required to pass the indexing argument. (Triggered internally at /root/pytorch/aten/src/ATen/native/TensorShape.cpp:3483.)
  return _VF.meshgrid(tensors, **kwargs)  # type: ignore[attr-defined]
INFO:LOG:Residual init: 206.446044921875
INFO:LOG:Residual reference: 0.232242152094841
INFO:LOG:Run No.0:
ERROR:root:Traceback (most recent call last):
  File "/lus/lfs1aip2/scratch/u6ki/kayaay.u6ki/MSc-Project-Diffusion-Model/main.py", line 102, in main
    runner.reconstruct()
  File "/lus/lfs1aip2/scratch/u6ki/kayaay.u6ki/MSc-Project-Diffusion-Model/runners/rs256_guided_diffusion.py", line 405, in reconstruct
    xs, _ = guided_ddim_steps(x, seq, model, betas,
            ^^^^^^^^^^^^^^^^^^^^^^^^^^^^^^^^^^^^^^^
  File "/lus/lfs1aip2/scratch/u6ki/kayaay.u6ki/MSc-Project-Diffusion-Model/functions/denoising_step.py", line 184, in guided_ddim_steps
    xt = xs[-1].to('cuda')
         ^^^^^^^^^^^^^^^^^
  File "/scratch/u6ki/kayaay.u6ki/diffusion_env/lib/python3.11/site-packages/torch/cuda/__init__.py", line 239, in _lazy_init
    raise AssertionError("Torch not compiled with CUDA enabled")
AssertionError: Torch not compiled with CUDA enabled

