INFO:LOG:Doing sparse reconstruction task
INFO:LOG:Loading model
INFO:LOG:Model loaded
INFO:LOG:Preparing data
INFO:LOG:Start sampling
Use residual gradient guidance during sampling
>>>>>>>>>>>>>>>>>>>>>>>>>>>>>>>>>>>>>>>>>>>>>>>>>>>>>>>>>>>>>>>>>>>>>>>>>>>>>>>>
<<<<<<<<<<<<<<<<<<<<<<<<<<<<<<<<<<<<<<<<<<<<<<<<<<<<<<<<<<<<<<<<<<<<<<<<<<<<<<<<
Using conditional model
data shape: torch.Size([1272, 3, 256, 256])
INFO:LOG:Batch: 0 / Total batch 64
INFO:LOG:Preparing reference image
INFO:LOG:Dumping visualization...
INFO:LOG:L2 loss init: 1.3325399160385132
/scratch/u6ki/kayaay.u6ki/diffusion_env/lib/python3.11/site-packages/torch/functional.py:505: UserWarning: torch.meshgrid: in an upcoming release, it will be required to pass the indexing argument. (Triggered internally at /pytorch/aten/src/ATen/native/TensorShape.cpp:4381.)
  return _VF.meshgrid(tensors, **kwargs)  # type: ignore[attr-defined]
INFO:LOG:Residual init: 206.5847625732422
INFO:LOG:Residual reference: 0.2325914204120636
INFO:LOG:Run No.0:
INFO:LOG:L2 loss it0: 1.259718418121338
INFO:LOG:Residual it0: 3.0353763103485107
INFO:LOG:Finished batch 0
INFO:LOG:========================================================
INFO:LOG:Batch: 1 / Total batch 64
INFO:LOG:Preparing reference image
INFO:LOG:Dumping visualization...
INFO:LOG:L2 loss init: 1.7821046113967896
INFO:LOG:Residual init: 403.4586486816406
INFO:LOG:Residual reference: 1.1843996047973633
INFO:LOG:Run No.0:
INFO:LOG:L2 loss it0: 1.6983152627944946
INFO:LOG:Residual it0: 7.44995641708374
INFO:LOG:Finished batch 1
INFO:LOG:========================================================
INFO:LOG:Batch: 2 / Total batch 64
INFO:LOG:Preparing reference image
INFO:LOG:Dumping visualization...
INFO:LOG:L2 loss init: 2.22192645072937
INFO:LOG:Residual init: 655.2771606445312
INFO:LOG:Residual reference: 10.77868938446045
INFO:LOG:Run No.0:
INFO:LOG:L2 loss it0: 2.1247611045837402
INFO:LOG:Residual it0: 17.57086944580078
INFO:LOG:Finished batch 2
INFO:LOG:========================================================
INFO:LOG:Batch: 3 / Total batch 64
INFO:LOG:Preparing reference image
INFO:LOG:Dumping visualization...
INFO:LOG:L2 loss init: 2.4404547214508057
INFO:LOG:Residual init: 823.9835205078125
INFO:LOG:Residual reference: 38.94977569580078
INFO:LOG:Run No.0:
INFO:LOG:L2 loss it0: 2.3514933586120605
INFO:LOG:Residual it0: 27.498737335205078
INFO:LOG:Finished batch 3
INFO:LOG:========================================================
INFO:LOG:Batch: 4 / Total batch 64
INFO:LOG:Preparing reference image
INFO:LOG:Dumping visualization...
INFO:LOG:L2 loss init: 2.4905285835266113
INFO:LOG:Residual init: 809.8011474609375
INFO:LOG:Residual reference: 36.11654281616211
INFO:LOG:Run No.0:
INFO:LOG:L2 loss it0: 2.4080288410186768
INFO:LOG:Residual it0: 23.7777156829834
INFO:LOG:Finished batch 4
INFO:LOG:========================================================
INFO:LOG:Batch: 5 / Total batch 64
INFO:LOG:Preparing reference image
INFO:LOG:Dumping visualization...
INFO:LOG:L2 loss init: 2.2793326377868652
INFO:LOG:Residual init: 752.03857421875
INFO:LOG:Residual reference: 26.219879150390625
INFO:LOG:Run No.0:
INFO:LOG:L2 loss it0: 2.1943776607513428
INFO:LOG:Residual it0: 20.506193161010742
INFO:LOG:Finished batch 5
INFO:LOG:========================================================
INFO:LOG:Batch: 6 / Total batch 64
INFO:LOG:Preparing reference image
INFO:LOG:Dumping visualization...
INFO:LOG:L2 loss init: 2.218494176864624
INFO:LOG:Residual init: 625.7041625976562
INFO:LOG:Residual reference: 31.30133056640625
INFO:LOG:Run No.0:
INFO:LOG:L2 loss it0: 2.1419484615325928
INFO:LOG:Residual it0: 14.474542617797852
INFO:LOG:Finished batch 6
INFO:LOG:========================================================
INFO:LOG:Batch: 7 / Total batch 64
INFO:LOG:Preparing reference image
INFO:LOG:Dumping visualization...
INFO:LOG:L2 loss init: 2.0469791889190674
INFO:LOG:Residual init: 532.5214233398438
INFO:LOG:Residual reference: 18.1815242767334
INFO:LOG:Run No.0:
INFO:LOG:L2 loss it0: 1.970341682434082
INFO:LOG:Residual it0: 10.613531112670898
INFO:LOG:Finished batch 7
INFO:LOG:========================================================
INFO:LOG:Batch: 8 / Total batch 64
INFO:LOG:Preparing reference image
INFO:LOG:Dumping visualization...
INFO:LOG:L2 loss init: 1.7324540615081787
INFO:LOG:Residual init: 420.6924743652344
INFO:LOG:Residual reference: 12.405664443969727
INFO:LOG:Run No.0:
INFO:LOG:L2 loss it0: 1.6613165140151978
INFO:LOG:Residual it0: 8.080205917358398
INFO:LOG:Finished batch 8
INFO:LOG:========================================================
INFO:LOG:Batch: 9 / Total batch 64
INFO:LOG:Preparing reference image
INFO:LOG:Dumping visualization...
INFO:LOG:L2 loss init: 1.6679538488388062
INFO:LOG:Residual init: 434.4269714355469
INFO:LOG:Residual reference: 9.762338638305664
INFO:LOG:Run No.0:
INFO:LOG:L2 loss it0: 1.5960181951522827
INFO:LOG:Residual it0: 9.947929382324219
INFO:LOG:Finished batch 9
INFO:LOG:========================================================
INFO:LOG:Batch: 10 / Total batch 64
INFO:LOG:Preparing reference image
INFO:LOG:Dumping visualization...
INFO:LOG:L2 loss init: 1.7461293935775757
INFO:LOG:Residual init: 482.55743408203125
INFO:LOG:Residual reference: 14.777048110961914
INFO:LOG:Run No.0:
INFO:LOG:L2 loss it0: 1.6738533973693848
INFO:LOG:Residual it0: 14.072794914245605
INFO:LOG:Finished batch 10
INFO:LOG:========================================================
INFO:LOG:Batch: 11 / Total batch 64
INFO:LOG:Preparing reference image
INFO:LOG:Dumping visualization...
INFO:LOG:L2 loss init: 1.8515123128890991
INFO:LOG:Residual init: 457.22705078125
INFO:LOG:Residual reference: 23.427417755126953
INFO:LOG:Run No.0:
INFO:LOG:L2 loss it0: 1.792938232421875
INFO:LOG:Residual it0: 9.011239051818848
INFO:LOG:Finished batch 11
INFO:LOG:========================================================
INFO:LOG:Batch: 12 / Total batch 64
INFO:LOG:Preparing reference image
INFO:LOG:Dumping visualization...
INFO:LOG:L2 loss init: 1.837220311164856
INFO:LOG:Residual init: 433.3937072753906
INFO:LOG:Residual reference: 24.262832641601562
INFO:LOG:Run No.0:
INFO:LOG:L2 loss it0: 1.7706211805343628
INFO:LOG:Residual it0: 8.690399169921875
INFO:LOG:Finished batch 12
INFO:LOG:========================================================
INFO:LOG:Batch: 13 / Total batch 64
INFO:LOG:Preparing reference image
INFO:LOG:Dumping visualization...
INFO:LOG:L2 loss init: 1.7833727598190308
INFO:LOG:Residual init: 375.2646179199219
INFO:LOG:Residual reference: 13.854331016540527
INFO:LOG:Run No.0:
INFO:LOG:L2 loss it0: 1.7276630401611328
INFO:LOG:Residual it0: 6.81054162979126
INFO:LOG:Finished batch 13
INFO:LOG:========================================================
INFO:LOG:Batch: 14 / Total batch 64
INFO:LOG:Preparing reference image
INFO:LOG:Dumping visualization...
INFO:LOG:L2 loss init: 1.7402074337005615
INFO:LOG:Residual init: 325.8464050292969
INFO:LOG:Residual reference: 7.3335723876953125
INFO:LOG:Run No.0:
INFO:LOG:L2 loss it0: 1.6838074922561646
INFO:LOG:Residual it0: 5.947601318359375
INFO:LOG:Finished batch 14
INFO:LOG:========================================================
INFO:LOG:Batch: 15 / Total batch 64
INFO:LOG:Preparing reference image
INFO:LOG:Dumping visualization...
INFO:LOG:L2 loss init: 1.7173937559127808
INFO:LOG:Residual init: 330.9407653808594
INFO:LOG:Residual reference: 4.920243263244629
INFO:LOG:Run No.0:
INFO:LOG:L2 loss it0: 1.6516526937484741
INFO:LOG:Residual it0: 5.911198139190674
INFO:LOG:Finished batch 15
INFO:LOG:========================================================
INFO:LOG:Batch: 16 / Total batch 64
INFO:LOG:Preparing reference image
INFO:LOG:Dumping visualization...
INFO:LOG:L2 loss init: 1.522408127784729
INFO:LOG:Residual init: 212.4719696044922
INFO:LOG:Residual reference: 0.4530046582221985
INFO:LOG:Run No.0:
INFO:LOG:L2 loss it0: 1.450592041015625
INFO:LOG:Residual it0: 4.558529853820801
INFO:LOG:Finished batch 16
INFO:LOG:========================================================
INFO:LOG:Batch: 17 / Total batch 64
INFO:LOG:Preparing reference image
INFO:LOG:Dumping visualization...
INFO:LOG:L2 loss init: 1.9412977695465088
INFO:LOG:Residual init: 311.21295166015625
INFO:LOG:Residual reference: 2.1408298015594482
INFO:LOG:Run No.0:
INFO:LOG:L2 loss it0: 1.8710860013961792
INFO:LOG:Residual it0: 6.171618461608887
INFO:LOG:Finished batch 17
INFO:LOG:========================================================
INFO:LOG:Batch: 18 / Total batch 64
INFO:LOG:Preparing reference image
INFO:LOG:Dumping visualization...
INFO:LOG:L2 loss init: 2.069185733795166
INFO:LOG:Residual init: 451.8135681152344
INFO:LOG:Residual reference: 11.557971000671387
INFO:LOG:Run No.0:
INFO:LOG:L2 loss it0: 1.994601845741272
INFO:LOG:Residual it0: 9.287508010864258
INFO:LOG:Finished batch 18
INFO:LOG:========================================================
INFO:LOG:Batch: 19 / Total batch 64
INFO:LOG:Preparing reference image
INFO:LOG:Dumping visualization...
INFO:LOG:L2 loss init: 2.0571885108947754
INFO:LOG:Residual init: 460.57080078125
INFO:LOG:Residual reference: 14.477574348449707
INFO:LOG:Run No.0:
INFO:LOG:L2 loss it0: 1.9825611114501953
INFO:LOG:Residual it0: 8.824074745178223
INFO:LOG:Finished batch 19
INFO:LOG:========================================================
INFO:LOG:Batch: 20 / Total batch 64
INFO:LOG:Preparing reference image
INFO:LOG:Dumping visualization...
INFO:LOG:L2 loss init: 1.9552104473114014
INFO:LOG:Residual init: 432.6154479980469
INFO:LOG:Residual reference: 8.642523765563965
INFO:LOG:Run No.0:
INFO:LOG:L2 loss it0: 1.8847147226333618
INFO:LOG:Residual it0: 8.337486267089844
INFO:LOG:Finished batch 20
INFO:LOG:========================================================
INFO:LOG:Batch: 21 / Total batch 64
INFO:LOG:Preparing reference image
INFO:LOG:Dumping visualization...
INFO:LOG:L2 loss init: 1.9496333599090576
INFO:LOG:Residual init: 438.6882019042969
INFO:LOG:Residual reference: 17.337251663208008
INFO:LOG:Run No.0:
INFO:LOG:L2 loss it0: 1.8850057125091553
INFO:LOG:Residual it0: 8.404240608215332
INFO:LOG:Finished batch 21
INFO:LOG:========================================================
INFO:LOG:Batch: 22 / Total batch 64
INFO:LOG:Preparing reference image
INFO:LOG:Dumping visualization...
INFO:LOG:L2 loss init: 1.8481965065002441
INFO:LOG:Residual init: 393.8972473144531
INFO:LOG:Residual reference: 10.907928466796875
INFO:LOG:Run No.0:
INFO:LOG:L2 loss it0: 1.7923166751861572
INFO:LOG:Residual it0: 7.6068925857543945
INFO:LOG:Finished batch 22
INFO:LOG:========================================================
INFO:LOG:Batch: 23 / Total batch 64
INFO:LOG:Preparing reference image
INFO:LOG:Dumping visualization...
INFO:LOG:L2 loss init: 1.7950925827026367
INFO:LOG:Residual init: 332.6182556152344
INFO:LOG:Residual reference: 6.297004699707031
INFO:LOG:Run No.0:
INFO:LOG:L2 loss it0: 1.7388300895690918
INFO:LOG:Residual it0: 6.454705238342285
INFO:LOG:Finished batch 23
INFO:LOG:========================================================
INFO:LOG:Batch: 24 / Total batch 64
INFO:LOG:Preparing reference image
INFO:LOG:Dumping visualization...
INFO:LOG:L2 loss init: 1.7226171493530273
INFO:LOG:Residual init: 314.072265625
INFO:LOG:Residual reference: 7.96990966796875
INFO:LOG:Run No.0:
INFO:LOG:L2 loss it0: 1.6672481298446655
INFO:LOG:Residual it0: 5.4213948249816895
INFO:LOG:Finished batch 24
INFO:LOG:========================================================
INFO:LOG:Batch: 25 / Total batch 64
INFO:LOG:Preparing reference image
INFO:LOG:Dumping visualization...
INFO:LOG:L2 loss init: 1.592507004737854
INFO:LOG:Residual init: 306.4593200683594
INFO:LOG:Residual reference: 9.730875015258789
INFO:LOG:Run No.0:
INFO:LOG:L2 loss it0: 1.5316925048828125
INFO:LOG:Residual it0: 5.148805141448975
INFO:LOG:Finished batch 25
INFO:LOG:========================================================
INFO:LOG:Batch: 26 / Total batch 64
INFO:LOG:Preparing reference image
INFO:LOG:Dumping visualization...
INFO:LOG:L2 loss init: 1.7059553861618042
INFO:LOG:Residual init: 319.4056091308594
INFO:LOG:Residual reference: 5.89499044418335
INFO:LOG:Run No.0:
INFO:LOG:L2 loss it0: 1.642665147781372
INFO:LOG:Residual it0: 6.56131649017334
INFO:LOG:Finished batch 26
INFO:LOG:========================================================
INFO:LOG:Batch: 27 / Total batch 64
INFO:LOG:Preparing reference image
INFO:LOG:Dumping visualization...
INFO:LOG:L2 loss init: 1.8018290996551514
INFO:LOG:Residual init: 356.7597351074219
INFO:LOG:Residual reference: 9.004637718200684
INFO:LOG:Run No.0:
INFO:LOG:L2 loss it0: 1.728959321975708
INFO:LOG:Residual it0: 5.9940290451049805
INFO:LOG:Finished batch 27
INFO:LOG:========================================================
INFO:LOG:Batch: 28 / Total batch 64
INFO:LOG:Preparing reference image
INFO:LOG:Dumping visualization...
INFO:LOG:L2 loss init: 1.9925466775894165
INFO:LOG:Residual init: 442.4720153808594
INFO:LOG:Residual reference: 9.752290725708008
INFO:LOG:Run No.0:
INFO:LOG:L2 loss it0: 1.9243098497390747
INFO:LOG:Residual it0: 11.087106704711914
INFO:LOG:Finished batch 28
INFO:LOG:========================================================
INFO:LOG:Batch: 29 / Total batch 64
INFO:LOG:Preparing reference image
INFO:LOG:Dumping visualization...
INFO:LOG:L2 loss init: 2.0768799781799316
INFO:LOG:Residual init: 548.1722412109375
INFO:LOG:Residual reference: 10.89304256439209
INFO:LOG:Run No.0:
INFO:LOG:L2 loss it0: 2.005533456802368
INFO:LOG:Residual it0: 16.522502899169922
INFO:LOG:Finished batch 29
INFO:LOG:========================================================
INFO:LOG:Batch: 30 / Total batch 64
INFO:LOG:Preparing reference image
INFO:LOG:Dumping visualization...
INFO:LOG:L2 loss init: 2.163478374481201
INFO:LOG:Residual init: 632.5624389648438
INFO:LOG:Residual reference: 21.821125030517578
INFO:LOG:Run No.0:
INFO:LOG:L2 loss it0: 2.0797250270843506
INFO:LOG:Residual it0: 22.70656394958496
INFO:LOG:Finished batch 30
INFO:LOG:========================================================
INFO:LOG:Batch: 31 / Total batch 64
INFO:LOG:Preparing reference image
INFO:LOG:Dumping visualization...
INFO:LOG:L2 loss init: 1.9294854402542114
INFO:LOG:Residual init: 489.6352233886719
INFO:LOG:Residual reference: 18.880874633789062
INFO:LOG:Run No.0:
INFO:LOG:L2 loss it0: 1.8638665676116943
INFO:LOG:Residual it0: 14.3034029006958
INFO:LOG:Finished batch 31
INFO:LOG:========================================================
INFO:LOG:Batch: 32 / Total batch 64
INFO:LOG:Preparing reference image
INFO:LOG:Dumping visualization...
INFO:LOG:L2 loss init: 1.3434600830078125
INFO:LOG:Residual init: 178.92677307128906
INFO:LOG:Residual reference: 0.33292698860168457
INFO:LOG:Run No.0:
INFO:LOG:L2 loss it0: 1.2764004468917847
INFO:LOG:Residual it0: 3.138052225112915
INFO:LOG:Finished batch 32
INFO:LOG:========================================================
INFO:LOG:Batch: 33 / Total batch 64
INFO:LOG:Preparing reference image
INFO:LOG:Dumping visualization...
INFO:LOG:L2 loss init: 1.7573108673095703
INFO:LOG:Residual init: 324.4938049316406
INFO:LOG:Residual reference: 2.2062270641326904
INFO:LOG:Run No.0:
INFO:LOG:L2 loss it0: 1.676995038986206
INFO:LOG:Residual it0: 6.9568376541137695
INFO:LOG:Finished batch 33
INFO:LOG:========================================================
INFO:LOG:Batch: 34 / Total batch 64
INFO:LOG:Preparing reference image
INFO:LOG:Dumping visualization...
INFO:LOG:L2 loss init: 2.064554214477539
INFO:LOG:Residual init: 463.8203125
INFO:LOG:Residual reference: 7.665576457977295
INFO:LOG:Run No.0:
INFO:LOG:L2 loss it0: 1.986160397529602
INFO:LOG:Residual it0: 10.755878448486328
INFO:LOG:Finished batch 34
INFO:LOG:========================================================
INFO:LOG:Batch: 35 / Total batch 64
INFO:LOG:Preparing reference image
INFO:LOG:Dumping visualization...
INFO:LOG:L2 loss init: 2.203943967819214
INFO:LOG:Residual init: 520.5838012695312
INFO:LOG:Residual reference: 18.167978286743164
INFO:LOG:Run No.0:
INFO:LOG:L2 loss it0: 2.130758762359619
INFO:LOG:Residual it0: 11.716049194335938
INFO:LOG:Finished batch 35
INFO:LOG:========================================================
INFO:LOG:Batch: 36 / Total batch 64
INFO:LOG:Preparing reference image
INFO:LOG:Dumping visualization...
INFO:LOG:L2 loss init: 2.100836992263794
INFO:LOG:Residual init: 456.48272705078125
INFO:LOG:Residual reference: 25.210546493530273
INFO:LOG:Run No.0:
INFO:LOG:L2 loss it0: 2.036137342453003
INFO:LOG:Residual it0: 8.393147468566895
INFO:LOG:Finished batch 36
INFO:LOG:========================================================
INFO:LOG:Batch: 37 / Total batch 64
INFO:LOG:Preparing reference image
INFO:LOG:Dumping visualization...
INFO:LOG:L2 loss init: 1.7900221347808838
INFO:LOG:Residual init: 377.52484130859375
INFO:LOG:Residual reference: 17.16460418701172
INFO:LOG:Run No.0:
INFO:LOG:L2 loss it0: 1.7202038764953613
INFO:LOG:Residual it0: 6.8485870361328125
INFO:LOG:Finished batch 37
INFO:LOG:========================================================
INFO:LOG:Batch: 38 / Total batch 64
INFO:LOG:Preparing reference image
INFO:LOG:Dumping visualization...
INFO:LOG:L2 loss init: 1.7149909734725952
INFO:LOG:Residual init: 331.6586608886719
INFO:LOG:Residual reference: 6.1300272941589355
INFO:LOG:Run No.0:
INFO:LOG:L2 loss it0: 1.6483885049819946
INFO:LOG:Residual it0: 5.8809003829956055
INFO:LOG:Finished batch 38
INFO:LOG:========================================================
INFO:LOG:Batch: 39 / Total batch 64
INFO:LOG:Preparing reference image
INFO:LOG:Dumping visualization...
INFO:LOG:L2 loss init: 1.6266238689422607
INFO:LOG:Residual init: 330.1487121582031
INFO:LOG:Residual reference: 4.941177845001221
INFO:LOG:Run No.0:
INFO:LOG:L2 loss it0: 1.5636687278747559
INFO:LOG:Residual it0: 5.798623561859131
INFO:LOG:Finished batch 39
INFO:LOG:========================================================
INFO:LOG:Batch: 40 / Total batch 64
INFO:LOG:Preparing reference image
INFO:LOG:Dumping visualization...
INFO:LOG:L2 loss init: 1.697020411491394
INFO:LOG:Residual init: 344.7028503417969
INFO:LOG:Residual reference: 6.80880880355835
INFO:LOG:Run No.0:
INFO:LOG:L2 loss it0: 1.6323646306991577
INFO:LOG:Residual it0: 9.90124225616455
INFO:LOG:Finished batch 40
INFO:LOG:========================================================
INFO:LOG:Batch: 41 / Total batch 64
INFO:LOG:Preparing reference image
INFO:LOG:Dumping visualization...
INFO:LOG:L2 loss init: 1.8851830959320068
INFO:LOG:Residual init: 464.364990234375
INFO:LOG:Residual reference: 12.230463981628418
INFO:LOG:Run No.0:
INFO:LOG:L2 loss it0: 1.8074862957000732
INFO:LOG:Residual it0: 10.043146133422852
INFO:LOG:Finished batch 41
INFO:LOG:========================================================
INFO:LOG:Batch: 42 / Total batch 64
INFO:LOG:Preparing reference image
INFO:LOG:Dumping visualization...
INFO:LOG:L2 loss init: 1.8849480152130127
INFO:LOG:Residual init: 616.5289916992188
INFO:LOG:Residual reference: 48.10746383666992
INFO:LOG:Run No.0:
INFO:LOG:L2 loss it0: 1.7937289476394653
INFO:LOG:Residual it0: 15.157925605773926
INFO:LOG:Finished batch 42
INFO:LOG:========================================================
INFO:LOG:Batch: 43 / Total batch 64
INFO:LOG:Preparing reference image
INFO:LOG:Dumping visualization...
INFO:LOG:L2 loss init: 1.8766180276870728
INFO:LOG:Residual init: 568.4484252929688
INFO:LOG:Residual reference: 30.381805419921875
INFO:LOG:Run No.0:
INFO:LOG:L2 loss it0: 1.7920845746994019
INFO:LOG:Residual it0: 14.491848945617676
INFO:LOG:Finished batch 43
INFO:LOG:========================================================
INFO:LOG:Batch: 44 / Total batch 64
INFO:LOG:Preparing reference image
INFO:LOG:Dumping visualization...
INFO:LOG:L2 loss init: 1.9766043424606323
INFO:LOG:Residual init: 587.1121826171875
INFO:LOG:Residual reference: 27.47104263305664
INFO:LOG:Run No.0:
INFO:LOG:L2 loss it0: 1.8915079832077026
INFO:LOG:Residual it0: 13.955523490905762
INFO:LOG:Finished batch 44
INFO:LOG:========================================================
INFO:LOG:Batch: 45 / Total batch 64
INFO:LOG:Preparing reference image
INFO:LOG:Dumping visualization...
INFO:LOG:L2 loss init: 1.989197850227356
INFO:LOG:Residual init: 613.4713134765625
INFO:LOG:Residual reference: 24.951963424682617
INFO:LOG:Run No.0:
INFO:LOG:L2 loss it0: 1.9074549674987793
INFO:LOG:Residual it0: 12.162732124328613
INFO:LOG:Finished batch 45
INFO:LOG:========================================================
INFO:LOG:Batch: 46 / Total batch 64
INFO:LOG:Preparing reference image
INFO:LOG:Dumping visualization...
INFO:LOG:L2 loss init: 1.9474719762802124
INFO:LOG:Residual init: 565.5042114257812
INFO:LOG:Residual reference: 19.61075782775879
INFO:LOG:Run No.0:
INFO:LOG:L2 loss it0: 1.8784390687942505
INFO:LOG:Residual it0: 11.111477851867676
INFO:LOG:Finished batch 46
INFO:LOG:========================================================
INFO:LOG:Batch: 47 / Total batch 64
INFO:LOG:Preparing reference image
INFO:LOG:Dumping visualization...
INFO:LOG:L2 loss init: 1.6796984672546387
INFO:LOG:Residual init: 394.0423278808594
INFO:LOG:Residual reference: 12.178547859191895
INFO:LOG:Run No.0:
INFO:LOG:L2 loss it0: 1.611944556236267
INFO:LOG:Residual it0: 8.182568550109863
INFO:LOG:Finished batch 47
INFO:LOG:========================================================
INFO:LOG:Batch: 48 / Total batch 64
INFO:LOG:Preparing reference image
INFO:LOG:Dumping visualization...
INFO:LOG:L2 loss init: 1.5210286378860474
INFO:LOG:Residual init: 262.28961181640625
INFO:LOG:Residual reference: 0.6329018473625183
INFO:LOG:Run No.0:
INFO:LOG:L2 loss it0: 1.4463305473327637
INFO:LOG:Residual it0: 5.30730676651001
INFO:LOG:Finished batch 48
INFO:LOG:========================================================
INFO:LOG:Batch: 49 / Total batch 64
INFO:LOG:Preparing reference image
INFO:LOG:Dumping visualization...
INFO:LOG:L2 loss init: 1.9921835660934448
INFO:LOG:Residual init: 402.34893798828125
INFO:LOG:Residual reference: 2.5307483673095703
INFO:LOG:Run No.0:
INFO:LOG:L2 loss it0: 1.9109776020050049
INFO:LOG:Residual it0: 8.030001640319824
INFO:LOG:Finished batch 49
INFO:LOG:========================================================
INFO:LOG:Batch: 50 / Total batch 64
INFO:LOG:Preparing reference image
INFO:LOG:Dumping visualization...
INFO:LOG:L2 loss init: 2.1060500144958496
INFO:LOG:Residual init: 460.31866455078125
INFO:LOG:Residual reference: 9.084022521972656
INFO:LOG:Run No.0:
INFO:LOG:L2 loss it0: 2.028154134750366
INFO:LOG:Residual it0: 9.662543296813965
INFO:LOG:Finished batch 50
INFO:LOG:========================================================
INFO:LOG:Batch: 51 / Total batch 64
INFO:LOG:Preparing reference image
INFO:LOG:Dumping visualization...
INFO:LOG:L2 loss init: 1.9301586151123047
INFO:LOG:Residual init: 399.792236328125
INFO:LOG:Residual reference: 10.788734436035156
INFO:LOG:Run No.0:
INFO:LOG:L2 loss it0: 1.8640930652618408
INFO:LOG:Residual it0: 8.096803665161133
INFO:LOG:Finished batch 51
INFO:LOG:========================================================
INFO:LOG:Batch: 52 / Total batch 64
INFO:LOG:Preparing reference image
INFO:LOG:Dumping visualization...
INFO:LOG:L2 loss init: 1.8282660245895386
INFO:LOG:Residual init: 338.90447998046875
INFO:LOG:Residual reference: 13.7975492477417
INFO:LOG:Run No.0:
INFO:LOG:L2 loss it0: 1.7687819004058838
INFO:LOG:Residual it0: 5.583100318908691
INFO:LOG:Finished batch 52
INFO:LOG:========================================================
INFO:LOG:Batch: 53 / Total batch 64
INFO:LOG:Preparing reference image
INFO:LOG:Dumping visualization...
INFO:LOG:L2 loss init: 1.7655175924301147
INFO:LOG:Residual init: 304.97967529296875
INFO:LOG:Residual reference: 14.184832572937012
INFO:LOG:Run No.0:
INFO:LOG:L2 loss it0: 1.6981533765792847
INFO:LOG:Residual it0: 5.101768493652344
INFO:LOG:Finished batch 53
INFO:LOG:========================================================
INFO:LOG:Batch: 54 / Total batch 64
INFO:LOG:Preparing reference image
INFO:LOG:Dumping visualization...
INFO:LOG:L2 loss init: 1.651594877243042
INFO:LOG:Residual init: 266.90771484375
INFO:LOG:Residual reference: 7.087840557098389
INFO:LOG:Run No.0:
INFO:LOG:L2 loss it0: 1.5991493463516235
INFO:LOG:Residual it0: 4.606616973876953
INFO:LOG:Finished batch 54
INFO:LOG:========================================================
INFO:LOG:Batch: 55 / Total batch 64
INFO:LOG:Preparing reference image
INFO:LOG:Dumping visualization...
INFO:LOG:L2 loss init: 1.577172875404358
INFO:LOG:Residual init: 264.50787353515625
INFO:LOG:Residual reference: 6.100526809692383
INFO:LOG:Run No.0:
INFO:LOG:L2 loss it0: 1.5123064517974854
INFO:LOG:Residual it0: 4.234809875488281
INFO:LOG:Finished batch 55
INFO:LOG:========================================================
INFO:LOG:Batch: 56 / Total batch 64
INFO:LOG:Preparing reference image
INFO:LOG:Dumping visualization...
INFO:LOG:L2 loss init: 1.54770028591156
INFO:LOG:Residual init: 270.7693786621094
INFO:LOG:Residual reference: 4.251646518707275
INFO:LOG:Run No.0:
INFO:LOG:L2 loss it0: 1.486800193786621
INFO:LOG:Residual it0: 5.271085739135742
INFO:LOG:Finished batch 56
INFO:LOG:========================================================
INFO:LOG:Batch: 57 / Total batch 64
INFO:LOG:Preparing reference image
INFO:LOG:Dumping visualization...
INFO:LOG:L2 loss init: 1.563044786453247
INFO:LOG:Residual init: 260.8038024902344
INFO:LOG:Residual reference: 3.8696815967559814
INFO:LOG:Run No.0:
INFO:LOG:L2 loss it0: 1.4986847639083862
INFO:LOG:Residual it0: 6.229394435882568
INFO:LOG:Finished batch 57
INFO:LOG:========================================================
INFO:LOG:Batch: 58 / Total batch 64
INFO:LOG:Preparing reference image
INFO:LOG:Dumping visualization...
INFO:LOG:L2 loss init: 1.7105669975280762
INFO:LOG:Residual init: 285.5331115722656
INFO:LOG:Residual reference: 5.081969738006592
INFO:LOG:Run No.0:
INFO:LOG:L2 loss it0: 1.6461306810379028
INFO:LOG:Residual it0: 5.2705979347229
INFO:LOG:Finished batch 58
INFO:LOG:========================================================
INFO:LOG:Batch: 59 / Total batch 64
INFO:LOG:Preparing reference image
INFO:LOG:Dumping visualization...
INFO:LOG:L2 loss init: 1.58266282081604
INFO:LOG:Residual init: 293.7559814453125
INFO:LOG:Residual reference: 5.744744777679443
INFO:LOG:Run No.0:
INFO:LOG:L2 loss it0: 1.5184311866760254
INFO:LOG:Residual it0: 5.0523834228515625
INFO:LOG:Finished batch 59
INFO:LOG:========================================================
INFO:LOG:Batch: 60 / Total batch 64
INFO:LOG:Preparing reference image
INFO:LOG:Dumping visualization...
INFO:LOG:L2 loss init: 1.6461660861968994
INFO:LOG:Residual init: 234.24510192871094
INFO:LOG:Residual reference: 5.954959392547607
INFO:LOG:Run No.0:
INFO:LOG:L2 loss it0: 1.5944921970367432
INFO:LOG:Residual it0: 3.7677536010742188
INFO:LOG:Finished batch 60
INFO:LOG:========================================================
INFO:LOG:Batch: 61 / Total batch 64
INFO:LOG:Preparing reference image
INFO:LOG:Dumping visualization...
INFO:LOG:L2 loss init: 1.581710934638977
INFO:LOG:Residual init: 211.80178833007812
INFO:LOG:Residual reference: 3.7218551635742188
INFO:LOG:Run No.0:
INFO:LOG:L2 loss it0: 1.5406516790390015
INFO:LOG:Residual it0: 3.3447582721710205
INFO:LOG:Finished batch 61
INFO:LOG:========================================================
INFO:LOG:Batch: 62 / Total batch 64
INFO:LOG:Preparing reference image
INFO:LOG:Dumping visualization...
INFO:LOG:L2 loss init: 1.4761265516281128
INFO:LOG:Residual init: 222.1515655517578
INFO:LOG:Residual reference: 1.453823208808899
INFO:LOG:Run No.0:
INFO:LOG:L2 loss it0: 1.427048921585083
INFO:LOG:Residual it0: 3.876197338104248
INFO:LOG:Finished batch 62
INFO:LOG:========================================================
INFO:LOG:Batch: 63 / Total batch 64
INFO:LOG:Preparing reference image
INFO:LOG:Dumping visualization...
INFO:LOG:L2 loss init: 1.6162713766098022
INFO:LOG:Residual init: 304.68994140625
INFO:LOG:Residual reference: 2.726055145263672
INFO:LOG:Run No.0:
INFO:LOG:L2 loss it0: 1.5805097818374634
INFO:LOG:Residual it0: 4.348945140838623
INFO:LOG:Finished batch 63
INFO:LOG:========================================================
INFO:LOG:Finished sampling
INFO:LOG:mean l2 loss: 1.754550056637458
INFO:LOG:std l2 loss: 0.0
INFO:LOG:mean residual loss: 9.08185474152835
INFO:LOG:std residual loss: 0.0
